{
    "seatoxin - stub": {
        "content": [
            {
                "0": [
                    [
                        {
                            "id": "test"
                        },
                        "test.aln.gz:md5,d41d8cd98f00b204e9800998ecf8427e"
                    ]
                ],
                "1": [
                    "versions.yml:md5,d50924112e0518ae66bcb59723b78ba9"
                ],
                "alignment": [
                    [
                        {
                            "id": "test"
                        },
                        "test.aln.gz:md5,d41d8cd98f00b204e9800998ecf8427e"
                    ]
                ],
                "versions": [
                    "versions.yml:md5,d50924112e0518ae66bcb59723b78ba9"
                ]
            }
        ],
        "meta": {
            "nf-test": "0.9.2",
            "nextflow": "24.10.4"
        },
        "timestamp": "2025-01-31T11:50:05.644555"
    },
    "seatoxin": {
        "content": [
            {
                "0": [
                    [
                        {
                            "id": "test"
                        },
                        "test.aln.gz:md5,e7da437c6ddb5ced60ff7c49b147a65d"
                    ]
                ],
                "1": [
                    "versions.yml:md5,d50924112e0518ae66bcb59723b78ba9"
                ],
                "alignment": [
                    [
                        {
                            "id": "test"
                        },
                        "test.aln.gz:md5,e7da437c6ddb5ced60ff7c49b147a65d"
                    ]
                ],
                "versions": [
                    "versions.yml:md5,d50924112e0518ae66bcb59723b78ba9"
                ]
            }
        ],
        "meta": {
            "nf-test": "0.9.2",
            "nextflow": "24.10.4"
        },
        "timestamp": "2025-01-31T11:46:40.093716"
    }
}